Archive member included because of file (symbol)

c:/tool/01- imt sdk/01- imt sdk/imt_sdk_win_64/winavr/bin/../lib/gcc/avr/4.3.3/avr5\libgcc.a(_udivmodqi4.o)
                              ./HAL/SEVEN_SEG/SEVEN_SEG_programe.o (__udivmodqi4)
c:/tool/01- imt sdk/01- imt sdk/imt_sdk_win_64/winavr/bin/../lib/gcc/avr/4.3.3/avr5\libgcc.a(_exit.o)
                              c:/tool/01- imt sdk/01- imt sdk/imt_sdk_win_64/winavr/bin/../lib/gcc/avr/4.3.3/../../../../avr/lib/avr5/crtm32.o (exit)
c:/tool/01- imt sdk/01- imt sdk/imt_sdk_win_64/winavr/bin/../lib/gcc/avr/4.3.3/avr5\libgcc.a(_copy_data.o)
                              ./HAL/SEVEN_SEG/SEVEN_SEG_programe.o (__do_copy_data)

Memory Configuration

Name             Origin             Length             Attributes
text             0x00000000         0x00020000         xr
data             0x00800060         0x0000ffa0         rw !x
eeprom           0x00810000         0x00010000         rw !x
fuse             0x00820000         0x00000400         rw !x
lock             0x00830000         0x00000400         rw !x
signature        0x00840000         0x00000400         rw !x
*default*        0x00000000         0xffffffff

Linker script and memory map

LOAD c:/tool/01- imt sdk/01- imt sdk/imt_sdk_win_64/winavr/bin/../lib/gcc/avr/4.3.3/../../../../avr/lib/avr5/crtm32.o
LOAD ./MCAL/EEPROM/EEPROM_programe.o
LOAD ./MCAL/DIO/DIO_program.o
LOAD ./HAL/SEVEN_SEG/SEVEN_SEG_programe.o
LOAD ./HAL/LED/LED_programe.o
LOAD ./HAL/LCD/LCD_programe.o
LOAD ./HAL/Kypad/Kypad_programe.o
LOAD ./HAL/BOTTON/BOTTON_programe.o
LOAD ./HAL/BCD_SEG/BCD_SEG_programe.o
LOAD ./main.o
LOAD c:/tool/01- imt sdk/01- imt sdk/imt_sdk_win_64/winavr/bin/../lib/gcc/avr/4.3.3/avr5\libgcc.a
LOAD c:/tool/01- imt sdk/01- imt sdk/imt_sdk_win_64/winavr/bin/../lib/gcc/avr/4.3.3/../../../../avr/lib/avr5\libc.a
LOAD c:/tool/01- imt sdk/01- imt sdk/imt_sdk_win_64/winavr/bin/../lib/gcc/avr/4.3.3/avr5\libgcc.a

.hash
 *(.hash)

.dynsym
 *(.dynsym)

.dynstr
 *(.dynstr)

.gnu.version
 *(.gnu.version)

.gnu.version_d
 *(.gnu.version_d)

.gnu.version_r
 *(.gnu.version_r)

.rel.init
 *(.rel.init)

.rela.init
 *(.rela.init)

.rel.text
 *(.rel.text)
 *(.rel.text.*)
 *(.rel.gnu.linkonce.t*)

.rela.text
 *(.rela.text)
 *(.rela.text.*)
 *(.rela.gnu.linkonce.t*)

.rel.fini
 *(.rel.fini)

.rela.fini
 *(.rela.fini)

.rel.rodata
 *(.rel.rodata)
 *(.rel.rodata.*)
 *(.rel.gnu.linkonce.r*)

.rela.rodata
 *(.rela.rodata)
 *(.rela.rodata.*)
 *(.rela.gnu.linkonce.r*)

.rel.data
 *(.rel.data)
 *(.rel.data.*)
 *(.rel.gnu.linkonce.d*)

.rela.data
 *(.rela.data)
 *(.rela.data.*)
 *(.rela.gnu.linkonce.d*)

.rel.ctors
 *(.rel.ctors)

.rela.ctors
 *(.rela.ctors)

.rel.dtors
 *(.rel.dtors)

.rela.dtors
 *(.rela.dtors)

.rel.got
 *(.rel.got)

.rela.got
 *(.rela.got)

.rel.bss
 *(.rel.bss)

.rela.bss
 *(.rela.bss)

.rel.plt
 *(.rel.plt)

.rela.plt
 *(.rela.plt)

.text           0x00000000      0x99c
 *(.vectors)
 .vectors       0x00000000       0x54 c:/tool/01- imt sdk/01- imt sdk/imt_sdk_win_64/winavr/bin/../lib/gcc/avr/4.3.3/../../../../avr/lib/avr5/crtm32.o
                0x00000000                __vectors
                0x00000000                __vector_default
 *(.vectors)
 *(.progmem.gcc*)
 *(.progmem*)
                0x00000054                . = ALIGN (0x2)
                0x00000054                __trampolines_start = .
 *(.trampolines)
 .trampolines   0x00000054        0x0 linker stubs
 *(.trampolines*)
                0x00000054                __trampolines_end = .
 *(.jumptables)
 *(.jumptables*)
 *(.lowtext)
 *(.lowtext*)
                0x00000054                __ctors_start = .
 *(.ctors)
                0x00000054                __ctors_end = .
                0x00000054                __dtors_start = .
 *(.dtors)
                0x00000054                __dtors_end = .
 SORT(*)(.ctors)
 SORT(*)(.dtors)
 *(.init0)
 .init0         0x00000054        0x0 c:/tool/01- imt sdk/01- imt sdk/imt_sdk_win_64/winavr/bin/../lib/gcc/avr/4.3.3/../../../../avr/lib/avr5/crtm32.o
                0x00000054                __init
 *(.init0)
 *(.init1)
 *(.init1)
 *(.init2)
 .init2         0x00000054        0xc c:/tool/01- imt sdk/01- imt sdk/imt_sdk_win_64/winavr/bin/../lib/gcc/avr/4.3.3/../../../../avr/lib/avr5/crtm32.o
 *(.init2)
 *(.init3)
 *(.init3)
 *(.init4)
 .init4         0x00000060       0x16 c:/tool/01- imt sdk/01- imt sdk/imt_sdk_win_64/winavr/bin/../lib/gcc/avr/4.3.3/avr5\libgcc.a(_copy_data.o)
                0x00000060                __do_copy_data
 *(.init4)
 *(.init5)
 *(.init5)
 *(.init6)
 *(.init6)
 *(.init7)
 *(.init7)
 *(.init8)
 *(.init8)
 *(.init9)
 .init9         0x00000076        0x8 c:/tool/01- imt sdk/01- imt sdk/imt_sdk_win_64/winavr/bin/../lib/gcc/avr/4.3.3/../../../../avr/lib/avr5/crtm32.o
 *(.init9)
 *(.text)
 .text          0x0000007e        0x4 c:/tool/01- imt sdk/01- imt sdk/imt_sdk_win_64/winavr/bin/../lib/gcc/avr/4.3.3/../../../../avr/lib/avr5/crtm32.o
                0x0000007e                __vector_1
                0x0000007e                __vector_12
                0x0000007e                __bad_interrupt
                0x0000007e                __vector_6
                0x0000007e                __vector_3
                0x0000007e                __vector_11
                0x0000007e                __vector_13
                0x0000007e                __vector_17
                0x0000007e                __vector_19
                0x0000007e                __vector_7
                0x0000007e                __vector_5
                0x0000007e                __vector_4
                0x0000007e                __vector_9
                0x0000007e                __vector_2
                0x0000007e                __vector_15
                0x0000007e                __vector_8
                0x0000007e                __vector_14
                0x0000007e                __vector_10
                0x0000007e                __vector_16
                0x0000007e                __vector_18
                0x0000007e                __vector_20
 .text          0x00000082        0x0 ./MCAL/EEPROM/EEPROM_programe.o
 .text          0x00000082        0x0 ./MCAL/DIO/DIO_program.o
 .text          0x00000082        0x0 ./HAL/SEVEN_SEG/SEVEN_SEG_programe.o
 .text          0x00000082        0x0 ./HAL/LED/LED_programe.o
 .text          0x00000082        0x0 ./HAL/LCD/LCD_programe.o
 .text          0x00000082        0x0 ./HAL/Kypad/Kypad_programe.o
 .text          0x00000082        0x0 ./HAL/BOTTON/BOTTON_programe.o
 .text          0x00000082        0x0 ./HAL/BCD_SEG/BCD_SEG_programe.o
 .text          0x00000082        0x0 ./main.o
 .text          0x00000082        0x0 c:/tool/01- imt sdk/01- imt sdk/imt_sdk_win_64/winavr/bin/../lib/gcc/avr/4.3.3/avr5\libgcc.a(_udivmodqi4.o)
 .text          0x00000082        0x0 c:/tool/01- imt sdk/01- imt sdk/imt_sdk_win_64/winavr/bin/../lib/gcc/avr/4.3.3/avr5\libgcc.a(_exit.o)
 .text          0x00000082        0x0 c:/tool/01- imt sdk/01- imt sdk/imt_sdk_win_64/winavr/bin/../lib/gcc/avr/4.3.3/avr5\libgcc.a(_copy_data.o)
                0x00000082                . = ALIGN (0x2)
 *(.text.*)
 .text.EEPROM_write
                0x00000082       0x10 ./MCAL/EEPROM/EEPROM_programe.o
                0x00000082                EEPROM_write
 .text.EEPROM_read
                0x00000092        0xa ./MCAL/EEPROM/EEPROM_programe.o
                0x00000092                EEPROM_read
 .text.DIO_vsetpindirection
                0x0000009c       0xe4 ./MCAL/DIO/DIO_program.o
                0x0000009c                DIO_vsetpindirection
 .text.DIO_vwritepin
                0x00000180       0xe4 ./MCAL/DIO/DIO_program.o
                0x00000180                DIO_vwritepin
 .text.DIO_u8readpin
                0x00000264       0x6a ./MCAL/DIO/DIO_program.o
                0x00000264                DIO_u8readpin
 .text.DIO_vtogglepin
                0x000002ce       0x70 ./MCAL/DIO/DIO_program.o
                0x000002ce                DIO_vtogglepin
 .text.DIO_vset_port_direction
                0x0000033e       0x28 ./MCAL/DIO/DIO_program.o
                0x0000033e                DIO_vset_port_direction
 .text.DIO_vwrite_port
                0x00000366       0x28 ./MCAL/DIO/DIO_program.o
                0x00000366                DIO_vwrite_port
 .text.DIO_u8read_port
                0x0000038e       0x2a ./MCAL/DIO/DIO_program.o
                0x0000038e                DIO_u8read_port
 .text.write_low_nibble
                0x000003b8       0x52 ./MCAL/DIO/DIO_program.o
                0x000003b8                write_low_nibble
 .text.write_high_nibble
                0x0000040a       0x54 ./MCAL/DIO/DIO_program.o
                0x0000040a                write_high_nibble
 .text.DIO_vconnectpullup
                0x0000045e       0xe4 ./MCAL/DIO/DIO_program.o
                0x0000045e                DIO_vconnectpullup
 .text.perform_operation
                0x00000542       0x30 ./HAL/SEVEN_SEG/SEVEN_SEG_programe.o
                0x00000542                perform_operation
 .text.seven_seg_write
                0x00000572       0x44 ./HAL/SEVEN_SEG/SEVEN_SEG_programe.o
                0x00000572                seven_seg_write
 .text.display_two_digit
                0x000005b6       0x54 ./HAL/SEVEN_SEG/SEVEN_SEG_programe.o
                0x000005b6                display_two_digit
 .text.seven_seg_init
                0x0000060a        0x8 ./HAL/SEVEN_SEG/SEVEN_SEG_programe.o
                0x0000060a                seven_seg_init
 .text.LED_vturn_tog
                0x00000612        0x6 ./HAL/LED/LED_programe.o
                0x00000612                LED_vturn_tog
 .text.LED_vturn_off
                0x00000618        0x8 ./HAL/LED/LED_programe.o
                0x00000618                LED_vturn_off
 .text.LED_vturn_on
                0x00000620        0x8 ./HAL/LED/LED_programe.o
                0x00000620                LED_vturn_on
 .text.LED_vinit
                0x00000628        0x8 ./HAL/LED/LED_programe.o
                0x00000628                LED_vinit
 .text.send_falling_edge
                0x00000630       0x2e ./HAL/LCD/LCD_programe.o
                0x00000630                send_falling_edge
 .text.lcd_send_data
                0x0000065e       0x40 ./HAL/LCD/LCD_programe.o
                0x0000065e                lcd_send_data
 .text.lcd_send_string
                0x0000069e       0x1a ./HAL/LCD/LCD_programe.o
                0x0000069e                lcd_send_string
 .text.lcd_send_cmd
                0x000006b8       0x40 ./HAL/LCD/LCD_programe.o
                0x000006b8                lcd_send_cmd
 .text.lcd_move_cersor
                0x000006f8       0x34 ./HAL/LCD/LCD_programe.o
                0x000006f8                lcd_move_cersor
 .text.lcd_clear_screan
                0x0000072c       0x10 ./HAL/LCD/LCD_programe.o
                0x0000072c                lcd_clear_screan
 .text.lcd_init
                0x0000073c       0xaa ./HAL/LCD/LCD_programe.o
                0x0000073c                lcd_init
 .text.keypad_write
                0x000007e6       0xaa ./HAL/Kypad/Kypad_programe.o
                0x000007e6                keypad_write
 .text.keypad_vInit
                0x00000890       0x7a ./HAL/Kypad/Kypad_programe.o
                0x00000890                keypad_vInit
 .text.BOTTON_u8read
                0x0000090a        0x6 ./HAL/BOTTON/BOTTON_programe.o
                0x0000090a                BOTTON_u8read
 .text.BOTTON_DSW1_vinit
                0x00000910        0x8 ./HAL/BOTTON/BOTTON_programe.o
                0x00000910                BOTTON_DSW1_vinit
 .text.BOTTON_vinit
                0x00000918        0x8 ./HAL/BOTTON/BOTTON_programe.o
                0x00000918                BOTTON_vinit
 .text.BCD_seven_seg_write
                0x00000920        0x6 ./HAL/BCD_SEG/BCD_SEG_programe.o
                0x00000920                BCD_seven_seg_write
 .text.BCD_seven_seg_init
                0x00000926       0x2e ./HAL/BCD_SEG/BCD_SEG_programe.o
                0x00000926                BCD_seven_seg_init
 .text.main     0x00000954       0x2c ./main.o
                0x00000954                main
 .text.libgcc   0x00000980       0x18 c:/tool/01- imt sdk/01- imt sdk/imt_sdk_win_64/winavr/bin/../lib/gcc/avr/4.3.3/avr5\libgcc.a(_udivmodqi4.o)
                0x00000980                __udivmodqi4
 .text.libgcc   0x00000998        0x0 c:/tool/01- imt sdk/01- imt sdk/imt_sdk_win_64/winavr/bin/../lib/gcc/avr/4.3.3/avr5\libgcc.a(_exit.o)
 .text.libgcc   0x00000998        0x0 c:/tool/01- imt sdk/01- imt sdk/imt_sdk_win_64/winavr/bin/../lib/gcc/avr/4.3.3/avr5\libgcc.a(_copy_data.o)
                0x00000998                . = ALIGN (0x2)
 *(.fini9)
 .fini9         0x00000998        0x0 c:/tool/01- imt sdk/01- imt sdk/imt_sdk_win_64/winavr/bin/../lib/gcc/avr/4.3.3/avr5\libgcc.a(_exit.o)
                0x00000998                exit
                0x00000998                _exit
 *(.fini9)
 *(.fini8)
 *(.fini8)
 *(.fini7)
 *(.fini7)
 *(.fini6)
 *(.fini6)
 *(.fini5)
 *(.fini5)
 *(.fini4)
 *(.fini4)
 *(.fini3)
 *(.fini3)
 *(.fini2)
 *(.fini2)
 *(.fini1)
 *(.fini1)
 *(.fini0)
 .fini0         0x00000998        0x4 c:/tool/01- imt sdk/01- imt sdk/imt_sdk_win_64/winavr/bin/../lib/gcc/avr/4.3.3/avr5\libgcc.a(_exit.o)
 *(.fini0)
                0x0000099c                _etext = .

.data           0x00800060       0x1a load address 0x0000099c
                0x00800060                PROVIDE (__data_start, .)
 *(.data)
 .data          0x00800060        0x0 c:/tool/01- imt sdk/01- imt sdk/imt_sdk_win_64/winavr/bin/../lib/gcc/avr/4.3.3/../../../../avr/lib/avr5/crtm32.o
 .data          0x00800060        0x0 ./MCAL/EEPROM/EEPROM_programe.o
 .data          0x00800060        0x0 ./MCAL/DIO/DIO_program.o
 .data          0x00800060        0x0 ./HAL/SEVEN_SEG/SEVEN_SEG_programe.o
 .data          0x00800060        0x0 ./HAL/LED/LED_programe.o
 .data          0x00800060        0x0 ./HAL/LCD/LCD_programe.o
 .data          0x00800060        0x0 ./HAL/Kypad/Kypad_programe.o
 .data          0x00800060        0x0 ./HAL/BOTTON/BOTTON_programe.o
 .data          0x00800060        0x0 ./HAL/BCD_SEG/BCD_SEG_programe.o
 .data          0x00800060        0x0 ./main.o
 .data          0x00800060        0x0 c:/tool/01- imt sdk/01- imt sdk/imt_sdk_win_64/winavr/bin/../lib/gcc/avr/4.3.3/avr5\libgcc.a(_udivmodqi4.o)
 .data          0x00800060        0x0 c:/tool/01- imt sdk/01- imt sdk/imt_sdk_win_64/winavr/bin/../lib/gcc/avr/4.3.3/avr5\libgcc.a(_exit.o)
 .data          0x00800060        0x0 c:/tool/01- imt sdk/01- imt sdk/imt_sdk_win_64/winavr/bin/../lib/gcc/avr/4.3.3/avr5\libgcc.a(_copy_data.o)
 *(.data*)
 *(.rodata)
 *(.rodata*)
 .rodata.C.0.1304
                0x00800060        0xa ./HAL/SEVEN_SEG/SEVEN_SEG_programe.o
 .rodata.C.0.1237
                0x0080006a       0x10 ./HAL/Kypad/Kypad_programe.o
 *(.gnu.linkonce.d*)
                0x0080007a                . = ALIGN (0x2)
                0x0080007a                _edata = .
                0x0080007a                PROVIDE (__data_end, .)

.bss            0x0080007a        0x0
                0x0080007a                PROVIDE (__bss_start, .)
 *(.bss)
 .bss           0x0080007a        0x0 c:/tool/01- imt sdk/01- imt sdk/imt_sdk_win_64/winavr/bin/../lib/gcc/avr/4.3.3/../../../../avr/lib/avr5/crtm32.o
 .bss           0x0080007a        0x0 ./MCAL/EEPROM/EEPROM_programe.o
 .bss           0x0080007a        0x0 ./MCAL/DIO/DIO_program.o
 .bss           0x0080007a        0x0 ./HAL/SEVEN_SEG/SEVEN_SEG_programe.o
 .bss           0x0080007a        0x0 ./HAL/LED/LED_programe.o
 .bss           0x0080007a        0x0 ./HAL/LCD/LCD_programe.o
 .bss           0x0080007a        0x0 ./HAL/Kypad/Kypad_programe.o
 .bss           0x0080007a        0x0 ./HAL/BOTTON/BOTTON_programe.o
 .bss           0x0080007a        0x0 ./HAL/BCD_SEG/BCD_SEG_programe.o
 .bss           0x0080007a        0x0 ./main.o
 .bss           0x0080007a        0x0 c:/tool/01- imt sdk/01- imt sdk/imt_sdk_win_64/winavr/bin/../lib/gcc/avr/4.3.3/avr5\libgcc.a(_udivmodqi4.o)
 .bss           0x0080007a        0x0 c:/tool/01- imt sdk/01- imt sdk/imt_sdk_win_64/winavr/bin/../lib/gcc/avr/4.3.3/avr5\libgcc.a(_exit.o)
 .bss           0x0080007a        0x0 c:/tool/01- imt sdk/01- imt sdk/imt_sdk_win_64/winavr/bin/../lib/gcc/avr/4.3.3/avr5\libgcc.a(_copy_data.o)
 *(.bss*)
 *(COMMON)
                0x0080007a                PROVIDE (__bss_end, .)
                0x0000099c                __data_load_start = LOADADDR (.data)
                0x000009b6                __data_load_end = (__data_load_start + SIZEOF (.data))

.noinit         0x0080007a        0x0
                0x0080007a                PROVIDE (__noinit_start, .)
 *(.noinit*)
                0x0080007a                PROVIDE (__noinit_end, .)
                0x0080007a                _end = .
                0x0080007a                PROVIDE (__heap_start, .)

.eeprom         0x00810000        0x0
 *(.eeprom*)
                0x00810000                __eeprom_end = .

.fuse
 *(.fuse)
 *(.lfuse)
 *(.hfuse)
 *(.efuse)

.lock
 *(.lock*)

.signature
 *(.signature*)

.stab
 *(.stab)

.stabstr
 *(.stabstr)

.stab.excl
 *(.stab.excl)

.stab.exclstr
 *(.stab.exclstr)

.stab.index
 *(.stab.index)

.stab.indexstr
 *(.stab.indexstr)

.comment
 *(.comment)

.debug
 *(.debug)

.line
 *(.line)

.debug_srcinfo
 *(.debug_srcinfo)

.debug_sfnames
 *(.debug_sfnames)

.debug_aranges
 *(.debug_aranges)

.debug_pubnames
 *(.debug_pubnames)

.debug_info
 *(.debug_info)
 *(.gnu.linkonce.wi.*)

.debug_abbrev
 *(.debug_abbrev)

.debug_line
 *(.debug_line)

.debug_frame
 *(.debug_frame)

.debug_str
 *(.debug_str)

.debug_loc
 *(.debug_loc)

.debug_macinfo
 *(.debug_macinfo)
OUTPUT(Driveres.elf elf32-avr)
LOAD linker stubs
